obj/
*.o
Debug*/
Release*/
*.mode*
*.app/
*.pyc
.svn/
*.pbxuser
*.perspective
*.perspectivev3
*.mode1v3
*.mode2v3
xcuserdata
*.xcworkspace
*.depend
*.layout
*.sdf
*.opensdf
*.suo
ipch/
.vscode/*
!.vscode/settings.json
.metadata
local.properties
.externalToolBuilders
*~
.directory
**/.DS_Store
.DS_Store
*.swp
*~.nib
._*
Thumbs.db
Desktop.ini
*:Zone.identifier
.csettings
/libs/openFrameworksCompiled/project/android/paths.make
logs
*.log
npm-debug.log*
yarn-debug.log*
yarn-error.log*
pnpm-debug.log*
lerna-debug.log*
node_modules
dist
dist-ssr
*.local
*.env
target/
generated/
.vscode/*
!.vscode/extensions.json
!.vscode/settings.json
.idea
.DS_Store
*.suo
*.ntvs*
*.njsproj
*.sln
*.sw?
.venv/